Archive member included to satisfy reference by file (symbol)

../../lib/libstm_spl.a(stm32f4xx_rcc.o)
                              main.o (RCC_AHB1PeriphClockCmd)
../../lib/libstm_spl.a(stm32f4xx_tim.o)
                              main.o (TIM_TimeBaseInit)
../../lib/libstm_spl.a(stm32f4xx_gpio.o)
                              main.o (GPIO_Init)

Discarded input sections

 .text          0x00000000        0x0 ../common/stm32f4xx_it.o
 .data          0x00000000        0x0 ../common/stm32f4xx_it.o
 .bss           0x00000000        0x0 ../common/stm32f4xx_it.o
 .text          0x00000000        0x0 ../common/system_stm32f4xx.o
 .data          0x00000000        0x0 ../common/system_stm32f4xx.o
 .bss           0x00000000        0x0 ../common/system_stm32f4xx.o
 .data.SystemCoreClock
                0x00000000        0x4 ../common/system_stm32f4xx.o
 .data.AHBPrescTable
                0x00000000       0x10 ../common/system_stm32f4xx.o
 .text.SystemCoreClockUpdate
                0x00000000       0xf8 ../common/system_stm32f4xx.o
 .text          0x00000000        0x0 main.o
 .data          0x00000000        0x0 main.o
 .bss           0x00000000        0x0 main.o
 .text          0x00000000       0x14 ../../stm_spl/startup_stm32f40_41xxx.o
 .data          0x00000000        0x0 ../../stm_spl/startup_stm32f40_41xxx.o
 .bss           0x00000000        0x0 ../../stm_spl/startup_stm32f40_41xxx.o
 .text          0x00000000        0x0 ../../lib/libstm_spl.a(stm32f4xx_rcc.o)
 .data          0x00000000        0x0 ../../lib/libstm_spl.a(stm32f4xx_rcc.o)
 .bss           0x00000000        0x0 ../../lib/libstm_spl.a(stm32f4xx_rcc.o)
 .data.APBAHBPrescTable
                0x00000000       0x10 ../../lib/libstm_spl.a(stm32f4xx_rcc.o)
 .text.RCC_DeInit
                0x00000000       0x70 ../../lib/libstm_spl.a(stm32f4xx_rcc.o)
 .text.RCC_HSEConfig
                0x00000000       0x28 ../../lib/libstm_spl.a(stm32f4xx_rcc.o)
 .text.RCC_WaitForHSEStartUp
                0x00000000       0x50 ../../lib/libstm_spl.a(stm32f4xx_rcc.o)
 .text.RCC_AdjustHSICalibrationValue
                0x00000000       0x3c ../../lib/libstm_spl.a(stm32f4xx_rcc.o)
 .text.RCC_HSICmd
                0x00000000       0x20 ../../lib/libstm_spl.a(stm32f4xx_rcc.o)
 .text.RCC_LSEConfig
                0x00000000       0x44 ../../lib/libstm_spl.a(stm32f4xx_rcc.o)
 .text.RCC_LSICmd
                0x00000000       0x20 ../../lib/libstm_spl.a(stm32f4xx_rcc.o)
 .text.RCC_PLLConfig
                0x00000000       0x40 ../../lib/libstm_spl.a(stm32f4xx_rcc.o)
 .text.RCC_PLLCmd
                0x00000000       0x20 ../../lib/libstm_spl.a(stm32f4xx_rcc.o)
 .text.RCC_PLLI2SConfig
                0x00000000       0x2c ../../lib/libstm_spl.a(stm32f4xx_rcc.o)
 .text.RCC_PLLI2SCmd
                0x00000000       0x20 ../../lib/libstm_spl.a(stm32f4xx_rcc.o)
 .text.RCC_PLLSAIConfig
                0x00000000       0x34 ../../lib/libstm_spl.a(stm32f4xx_rcc.o)
 .text.RCC_PLLSAICmd
                0x00000000       0x20 ../../lib/libstm_spl.a(stm32f4xx_rcc.o)
 .text.RCC_ClockSecuritySystemCmd
                0x00000000       0x20 ../../lib/libstm_spl.a(stm32f4xx_rcc.o)
 .text.RCC_MCO1Config
                0x00000000       0x40 ../../lib/libstm_spl.a(stm32f4xx_rcc.o)
 .text.RCC_MCO2Config
                0x00000000       0x40 ../../lib/libstm_spl.a(stm32f4xx_rcc.o)
 .text.RCC_SYSCLKConfig
                0x00000000       0x38 ../../lib/libstm_spl.a(stm32f4xx_rcc.o)
 .text.RCC_GetSYSCLKSource
                0x00000000       0x20 ../../lib/libstm_spl.a(stm32f4xx_rcc.o)
 .text.RCC_HCLKConfig
                0x00000000       0x38 ../../lib/libstm_spl.a(stm32f4xx_rcc.o)
 .text.RCC_PCLK1Config
                0x00000000       0x38 ../../lib/libstm_spl.a(stm32f4xx_rcc.o)
 .text.RCC_PCLK2Config
                0x00000000       0x3c ../../lib/libstm_spl.a(stm32f4xx_rcc.o)
 .text.RCC_GetClocksFreq
                0x00000000      0x150 ../../lib/libstm_spl.a(stm32f4xx_rcc.o)
 .text.RCC_RTCCLKConfig
                0x00000000       0x5c ../../lib/libstm_spl.a(stm32f4xx_rcc.o)
 .text.RCC_RTCCLKCmd
                0x00000000       0x20 ../../lib/libstm_spl.a(stm32f4xx_rcc.o)
 .text.RCC_BackupResetCmd
                0x00000000       0x20 ../../lib/libstm_spl.a(stm32f4xx_rcc.o)
 .text.RCC_I2SCLKConfig
                0x00000000       0x20 ../../lib/libstm_spl.a(stm32f4xx_rcc.o)
 .text.RCC_SAIPLLI2SClkDivConfig
                0x00000000       0x40 ../../lib/libstm_spl.a(stm32f4xx_rcc.o)
 .text.RCC_SAIPLLSAIClkDivConfig
                0x00000000       0x40 ../../lib/libstm_spl.a(stm32f4xx_rcc.o)
 .text.RCC_SAIBlockACLKConfig
                0x00000000       0x3c ../../lib/libstm_spl.a(stm32f4xx_rcc.o)
 .text.RCC_SAIBlockBCLKConfig
                0x00000000       0x3c ../../lib/libstm_spl.a(stm32f4xx_rcc.o)
 .text.RCC_LTDCCLKDivConfig
                0x00000000       0x3c ../../lib/libstm_spl.a(stm32f4xx_rcc.o)
 .text.RCC_TIMCLKPresConfig
                0x00000000       0x20 ../../lib/libstm_spl.a(stm32f4xx_rcc.o)
 .text.RCC_AHB2PeriphClockCmd
                0x00000000       0x40 ../../lib/libstm_spl.a(stm32f4xx_rcc.o)
 .text.RCC_AHB3PeriphClockCmd
                0x00000000       0x40 ../../lib/libstm_spl.a(stm32f4xx_rcc.o)
 .text.RCC_APB2PeriphClockCmd
                0x00000000       0x40 ../../lib/libstm_spl.a(stm32f4xx_rcc.o)
 .text.RCC_AHB1PeriphResetCmd
                0x00000000       0x40 ../../lib/libstm_spl.a(stm32f4xx_rcc.o)
 .text.RCC_AHB2PeriphResetCmd
                0x00000000       0x40 ../../lib/libstm_spl.a(stm32f4xx_rcc.o)
 .text.RCC_AHB3PeriphResetCmd
                0x00000000       0x40 ../../lib/libstm_spl.a(stm32f4xx_rcc.o)
 .text.RCC_APB1PeriphResetCmd
                0x00000000       0x40 ../../lib/libstm_spl.a(stm32f4xx_rcc.o)
 .text.RCC_APB2PeriphResetCmd
                0x00000000       0x40 ../../lib/libstm_spl.a(stm32f4xx_rcc.o)
 .text.RCC_AHB1PeriphClockLPModeCmd
                0x00000000       0x40 ../../lib/libstm_spl.a(stm32f4xx_rcc.o)
 .text.RCC_AHB2PeriphClockLPModeCmd
                0x00000000       0x40 ../../lib/libstm_spl.a(stm32f4xx_rcc.o)
 .text.RCC_AHB3PeriphClockLPModeCmd
                0x00000000       0x40 ../../lib/libstm_spl.a(stm32f4xx_rcc.o)
 .text.RCC_APB1PeriphClockLPModeCmd
                0x00000000       0x40 ../../lib/libstm_spl.a(stm32f4xx_rcc.o)
 .text.RCC_APB2PeriphClockLPModeCmd
                0x00000000       0x40 ../../lib/libstm_spl.a(stm32f4xx_rcc.o)
 .text.RCC_ITConfig
                0x00000000       0x4c ../../lib/libstm_spl.a(stm32f4xx_rcc.o)
 .text.RCC_GetFlagStatus
                0x00000000       0x74 ../../lib/libstm_spl.a(stm32f4xx_rcc.o)
 .text.RCC_ClearFlag
                0x00000000       0x20 ../../lib/libstm_spl.a(stm32f4xx_rcc.o)
 .text.RCC_GetITStatus
                0x00000000       0x38 ../../lib/libstm_spl.a(stm32f4xx_rcc.o)
 .text.RCC_ClearITPendingBit
                0x00000000       0x20 ../../lib/libstm_spl.a(stm32f4xx_rcc.o)
 .text          0x00000000        0x0 ../../lib/libstm_spl.a(stm32f4xx_tim.o)
 .data          0x00000000        0x0 ../../lib/libstm_spl.a(stm32f4xx_tim.o)
 .bss           0x00000000        0x0 ../../lib/libstm_spl.a(stm32f4xx_tim.o)
 .text.TIM_DeInit
                0x00000000      0x1c0 ../../lib/libstm_spl.a(stm32f4xx_tim.o)
 .text.TIM_TimeBaseStructInit
                0x00000000       0x34 ../../lib/libstm_spl.a(stm32f4xx_tim.o)
 .text.TIM_PrescalerConfig
                0x00000000       0x28 ../../lib/libstm_spl.a(stm32f4xx_tim.o)
 .text.TIM_CounterModeConfig
                0x00000000       0x38 ../../lib/libstm_spl.a(stm32f4xx_tim.o)
 .text.TIM_SetCounter
                0x00000000       0x1c ../../lib/libstm_spl.a(stm32f4xx_tim.o)
 .text.TIM_SetAutoreload
                0x00000000       0x1c ../../lib/libstm_spl.a(stm32f4xx_tim.o)
 .text.TIM_GetPrescaler
                0x00000000       0x1a ../../lib/libstm_spl.a(stm32f4xx_tim.o)
 .text.TIM_UpdateDisableConfig
                0x00000000       0x40 ../../lib/libstm_spl.a(stm32f4xx_tim.o)
 .text.TIM_UpdateRequestConfig
                0x00000000       0x40 ../../lib/libstm_spl.a(stm32f4xx_tim.o)
 .text.TIM_ARRPreloadConfig
                0x00000000       0x40 ../../lib/libstm_spl.a(stm32f4xx_tim.o)
 .text.TIM_SelectOnePulseMode
                0x00000000       0x38 ../../lib/libstm_spl.a(stm32f4xx_tim.o)
 .text.TIM_SetClockDivision
                0x00000000       0x38 ../../lib/libstm_spl.a(stm32f4xx_tim.o)
 .text.TIM_OC1Init
                0x00000000       0xf4 ../../lib/libstm_spl.a(stm32f4xx_tim.o)
 .text.TIM_OC2Init
                0x00000000      0x110 ../../lib/libstm_spl.a(stm32f4xx_tim.o)
 .text.TIM_OC3Init
                0x00000000      0x10c ../../lib/libstm_spl.a(stm32f4xx_tim.o)
 .text.TIM_OC4Init
                0x00000000       0xd0 ../../lib/libstm_spl.a(stm32f4xx_tim.o)
 .text.TIM_OCStructInit
                0x00000000       0x44 ../../lib/libstm_spl.a(stm32f4xx_tim.o)
 .text.TIM_SelectOCxM
                0x00000000       0xb2 ../../lib/libstm_spl.a(stm32f4xx_tim.o)
 .text.TIM_SetCompare1
                0x00000000       0x1c ../../lib/libstm_spl.a(stm32f4xx_tim.o)
 .text.TIM_SetCompare2
                0x00000000       0x1c ../../lib/libstm_spl.a(stm32f4xx_tim.o)
 .text.TIM_SetCompare3
                0x00000000       0x1c ../../lib/libstm_spl.a(stm32f4xx_tim.o)
 .text.TIM_SetCompare4
                0x00000000       0x1c ../../lib/libstm_spl.a(stm32f4xx_tim.o)
 .text.TIM_ForcedOC1Config
                0x00000000       0x38 ../../lib/libstm_spl.a(stm32f4xx_tim.o)
 .text.TIM_ForcedOC2Config
                0x00000000       0x3c ../../lib/libstm_spl.a(stm32f4xx_tim.o)
 .text.TIM_ForcedOC3Config
                0x00000000       0x38 ../../lib/libstm_spl.a(stm32f4xx_tim.o)
 .text.TIM_ForcedOC4Config
                0x00000000       0x3c ../../lib/libstm_spl.a(stm32f4xx_tim.o)
 .text.TIM_OC1PreloadConfig
                0x00000000       0x38 ../../lib/libstm_spl.a(stm32f4xx_tim.o)
 .text.TIM_OC2PreloadConfig
                0x00000000       0x3c ../../lib/libstm_spl.a(stm32f4xx_tim.o)
 .text.TIM_OC3PreloadConfig
                0x00000000       0x38 ../../lib/libstm_spl.a(stm32f4xx_tim.o)
 .text.TIM_OC4PreloadConfig
                0x00000000       0x3c ../../lib/libstm_spl.a(stm32f4xx_tim.o)
 .text.TIM_OC1FastConfig
                0x00000000       0x38 ../../lib/libstm_spl.a(stm32f4xx_tim.o)
 .text.TIM_OC2FastConfig
                0x00000000       0x3c ../../lib/libstm_spl.a(stm32f4xx_tim.o)
 .text.TIM_OC3FastConfig
                0x00000000       0x38 ../../lib/libstm_spl.a(stm32f4xx_tim.o)
 .text.TIM_OC4FastConfig
                0x00000000       0x3c ../../lib/libstm_spl.a(stm32f4xx_tim.o)
 .text.TIM_ClearOC1Ref
                0x00000000       0x38 ../../lib/libstm_spl.a(stm32f4xx_tim.o)
 .text.TIM_ClearOC2Ref
                0x00000000       0x3c ../../lib/libstm_spl.a(stm32f4xx_tim.o)
 .text.TIM_ClearOC3Ref
                0x00000000       0x38 ../../lib/libstm_spl.a(stm32f4xx_tim.o)
 .text.TIM_ClearOC4Ref
                0x00000000       0x3c ../../lib/libstm_spl.a(stm32f4xx_tim.o)
 .text.TIM_OC1PolarityConfig
                0x00000000       0x38 ../../lib/libstm_spl.a(stm32f4xx_tim.o)
 .text.TIM_OC1NPolarityConfig
                0x00000000       0x38 ../../lib/libstm_spl.a(stm32f4xx_tim.o)
 .text.TIM_OC2PolarityConfig
                0x00000000       0x3c ../../lib/libstm_spl.a(stm32f4xx_tim.o)
 .text.TIM_OC2NPolarityConfig
                0x00000000       0x3c ../../lib/libstm_spl.a(stm32f4xx_tim.o)
 .text.TIM_OC3PolarityConfig
                0x00000000       0x3c ../../lib/libstm_spl.a(stm32f4xx_tim.o)
 .text.TIM_OC3NPolarityConfig
                0x00000000       0x3c ../../lib/libstm_spl.a(stm32f4xx_tim.o)
 .text.TIM_OC4PolarityConfig
                0x00000000       0x3c ../../lib/libstm_spl.a(stm32f4xx_tim.o)
 .text.TIM_CCxCmd
                0x00000000       0x56 ../../lib/libstm_spl.a(stm32f4xx_tim.o)
 .text.TIM_CCxNCmd
                0x00000000       0x56 ../../lib/libstm_spl.a(stm32f4xx_tim.o)
 .text.TIM_ICInit
                0x00000000       0xa8 ../../lib/libstm_spl.a(stm32f4xx_tim.o)
 .text.TIM_ICStructInit
                0x00000000       0x32 ../../lib/libstm_spl.a(stm32f4xx_tim.o)
 .text.TIM_PWMIConfig
                0x00000000       0xb8 ../../lib/libstm_spl.a(stm32f4xx_tim.o)
 .text.TIM_GetCapture1
                0x00000000       0x18 ../../lib/libstm_spl.a(stm32f4xx_tim.o)
 .text.TIM_GetCapture2
                0x00000000       0x18 ../../lib/libstm_spl.a(stm32f4xx_tim.o)
 .text.TIM_GetCapture3
                0x00000000       0x18 ../../lib/libstm_spl.a(stm32f4xx_tim.o)
 .text.TIM_GetCapture4
                0x00000000       0x18 ../../lib/libstm_spl.a(stm32f4xx_tim.o)
 .text.TIM_SetIC1Prescaler
                0x00000000       0x38 ../../lib/libstm_spl.a(stm32f4xx_tim.o)
 .text.TIM_SetIC2Prescaler
                0x00000000       0x3c ../../lib/libstm_spl.a(stm32f4xx_tim.o)
 .text.TIM_SetIC3Prescaler
                0x00000000       0x38 ../../lib/libstm_spl.a(stm32f4xx_tim.o)
 .text.TIM_SetIC4Prescaler
                0x00000000       0x3c ../../lib/libstm_spl.a(stm32f4xx_tim.o)
 .text.TIM_BDTRConfig
                0x00000000       0x50 ../../lib/libstm_spl.a(stm32f4xx_tim.o)
 .text.TIM_BDTRStructInit
                0x00000000       0x3e ../../lib/libstm_spl.a(stm32f4xx_tim.o)
 .text.TIM_CtrlPWMOutputs
                0x00000000       0x4c ../../lib/libstm_spl.a(stm32f4xx_tim.o)
 .text.TIM_SelectCOM
                0x00000000       0x40 ../../lib/libstm_spl.a(stm32f4xx_tim.o)
 .text.TIM_CCPreloadControl
                0x00000000       0x40 ../../lib/libstm_spl.a(stm32f4xx_tim.o)
 .text.TIM_GenerateEvent
                0x00000000       0x1e ../../lib/libstm_spl.a(stm32f4xx_tim.o)
 .text.TIM_GetFlagStatus
                0x00000000       0x38 ../../lib/libstm_spl.a(stm32f4xx_tim.o)
 .text.TIM_ClearFlag
                0x00000000       0x22 ../../lib/libstm_spl.a(stm32f4xx_tim.o)
 .text.TIM_GetITStatus
                0x00000000       0x54 ../../lib/libstm_spl.a(stm32f4xx_tim.o)
 .text.TIM_ClearITPendingBit
                0x00000000       0x22 ../../lib/libstm_spl.a(stm32f4xx_tim.o)
 .text.TIM_DMAConfig
                0x00000000       0x2a ../../lib/libstm_spl.a(stm32f4xx_tim.o)
 .text.TIM_DMACmd
                0x00000000       0x48 ../../lib/libstm_spl.a(stm32f4xx_tim.o)
 .text.TIM_SelectCCDMA
                0x00000000       0x40 ../../lib/libstm_spl.a(stm32f4xx_tim.o)
 .text.TIM_InternalClockConfig
                0x00000000       0x24 ../../lib/libstm_spl.a(stm32f4xx_tim.o)
 .text.TIM_ITRxExternalClockConfig
                0x00000000       0x2e ../../lib/libstm_spl.a(stm32f4xx_tim.o)
 .text.TIM_TIxExternalClockConfig
                0x00000000       0x5c ../../lib/libstm_spl.a(stm32f4xx_tim.o)
 .text.TIM_ETRClockMode1Config
                0x00000000       0x5e ../../lib/libstm_spl.a(stm32f4xx_tim.o)
 .text.TIM_ETRClockMode2Config
                0x00000000       0x3e ../../lib/libstm_spl.a(stm32f4xx_tim.o)
 .text.TIM_SelectInputTrigger
                0x00000000       0x38 ../../lib/libstm_spl.a(stm32f4xx_tim.o)
 .text.TIM_SelectOutputTrigger
                0x00000000       0x38 ../../lib/libstm_spl.a(stm32f4xx_tim.o)
 .text.TIM_SelectSlaveMode
                0x00000000       0x38 ../../lib/libstm_spl.a(stm32f4xx_tim.o)
 .text.TIM_SelectMasterSlaveMode
                0x00000000       0x38 ../../lib/libstm_spl.a(stm32f4xx_tim.o)
 .text.TIM_ETRConfig
                0x00000000       0x54 ../../lib/libstm_spl.a(stm32f4xx_tim.o)
 .text.TIM_EncoderInterfaceConfig
                0x00000000       0x98 ../../lib/libstm_spl.a(stm32f4xx_tim.o)
 .text.TIM_SelectHallSensor
                0x00000000       0x40 ../../lib/libstm_spl.a(stm32f4xx_tim.o)
 .text.TIM_RemapConfig
                0x00000000       0x20 ../../lib/libstm_spl.a(stm32f4xx_tim.o)
 .text.TI1_Config
                0x00000000       0x86 ../../lib/libstm_spl.a(stm32f4xx_tim.o)
 .text.TI2_Config
                0x00000000       0x9a ../../lib/libstm_spl.a(stm32f4xx_tim.o)
 .text.TI3_Config
                0x00000000       0x90 ../../lib/libstm_spl.a(stm32f4xx_tim.o)
 .text.TI4_Config
                0x00000000       0x9e ../../lib/libstm_spl.a(stm32f4xx_tim.o)
 .text          0x00000000        0x0 ../../lib/libstm_spl.a(stm32f4xx_gpio.o)
 .data          0x00000000        0x0 ../../lib/libstm_spl.a(stm32f4xx_gpio.o)
 .bss           0x00000000        0x0 ../../lib/libstm_spl.a(stm32f4xx_gpio.o)
 .text.GPIO_DeInit
                0x00000000      0x164 ../../lib/libstm_spl.a(stm32f4xx_gpio.o)
 .text.GPIO_StructInit
                0x00000000       0x34 ../../lib/libstm_spl.a(stm32f4xx_gpio.o)
 .text.GPIO_PinLockConfig
                0x00000000       0x44 ../../lib/libstm_spl.a(stm32f4xx_gpio.o)
 .text.GPIO_ReadInputData
                0x00000000       0x1a ../../lib/libstm_spl.a(stm32f4xx_gpio.o)
 .text.GPIO_ReadOutputDataBit
                0x00000000       0x34 ../../lib/libstm_spl.a(stm32f4xx_gpio.o)
 .text.GPIO_ReadOutputData
                0x00000000       0x1a ../../lib/libstm_spl.a(stm32f4xx_gpio.o)
 .text.GPIO_WriteBit
                0x00000000       0x30 ../../lib/libstm_spl.a(stm32f4xx_gpio.o)
 .text.GPIO_Write
                0x00000000       0x1e ../../lib/libstm_spl.a(stm32f4xx_gpio.o)
 .text.GPIO_ToggleBits
                0x00000000       0x24 ../../lib/libstm_spl.a(stm32f4xx_gpio.o)
 .text.GPIO_PinAFConfig
                0x00000000       0x92 ../../lib/libstm_spl.a(stm32f4xx_gpio.o)

Memory Configuration

Name             Origin             Length             Attributes
RAM              0x20000000         0x00020000         xrw
CCMRAM           0x10000000         0x00010000         xrw
FLASH            0x08000000         0x00100000         xr
FLASHB1          0x00000000         0x00000000         xr
EXTMEMB0         0x00000000         0x00000000         xr
EXTMEMB1         0x00000000         0x00000000         xr
EXTMEMB2         0x00000000         0x00000000         xr
EXTMEMB3         0x00000000         0x00000000         xr
MEMORY_ARRAY     0x20002000         0x00000020         xrw
*default*        0x00000000         0xffffffff

Linker script and memory map

LOAD ../common/stm32f4xx_it.o
LOAD ../common/system_stm32f4xx.o
LOAD main.o
LOAD ../../stm_spl/startup_stm32f40_41xxx.o
LOAD ../../lib/libstm_spl.a
START GROUP
LOAD /usr/lib/gcc/arm-none-eabi/7.2.0/../../../../arm-none-eabi/lib/armv7e-m/fpu/libc.a
LOAD /usr/lib/gcc/arm-none-eabi/7.2.0/armv7e-m/fpu/libgcc.a
LOAD /usr/lib/gcc/arm-none-eabi/7.2.0/../../../../arm-none-eabi/lib/armv7e-m/fpu/libnosys.a
END GROUP
START GROUP
LOAD /usr/lib/gcc/arm-none-eabi/7.2.0/armv7e-m/fpu/libgcc.a
LOAD /usr/lib/gcc/arm-none-eabi/7.2.0/../../../../arm-none-eabi/lib/armv7e-m/fpu/libc.a
END GROUP
                0x00004000                __Stack_Size = 0x4000
                [!provide]                PROVIDE (_Stack_Size, __Stack_Size)
                0x2001c000                __Stack_Init = (_estack - __Stack_Size)
                [!provide]                PROVIDE (_Stack_Init, __Stack_Init)
                0x00004000                _Minimum_Stack_Size = 0x4000
                0x20020000                _estack = 0x20020000

.isr_vector     0x08000000      0x188
                0x08000000                . = ALIGN (0x4)
 *(.isr_vector)
 .isr_vector    0x08000000      0x188 ../../stm_spl/startup_stm32f40_41xxx.o
                0x08000000                g_pfnVectors
                0x08000188                . = ALIGN (0x4)

.flashtext      0x08000188        0x0
                0x08000188                . = ALIGN (0x4)
 *(.flashtext)
                0x08000188                . = ALIGN (0x4)

.text           0x08000188      0x7d0
                0x08000188                . = ALIGN (0x4)
 *(.text)
 *(.text.*)
 .text.NMI_Handler
                0x08000188        0xe ../common/stm32f4xx_it.o
                0x08000188                NMI_Handler
 .text.HardFault_Handler
                0x08000196        0x6 ../common/stm32f4xx_it.o
                0x08000196                HardFault_Handler
 .text.MemManage_Handler
                0x0800019c        0x6 ../common/stm32f4xx_it.o
                0x0800019c                MemManage_Handler
 .text.BusFault_Handler
                0x080001a2        0x6 ../common/stm32f4xx_it.o
                0x080001a2                BusFault_Handler
 .text.UsageFault_Handler
                0x080001a8        0x6 ../common/stm32f4xx_it.o
                0x080001a8                UsageFault_Handler
 .text.SVC_Handler
                0x080001ae        0xe ../common/stm32f4xx_it.o
                0x080001ae                SVC_Handler
 .text.DebugMon_Handler
                0x080001bc        0xe ../common/stm32f4xx_it.o
                0x080001bc                DebugMon_Handler
 .text.PendSV_Handler
                0x080001ca        0xe ../common/stm32f4xx_it.o
                0x080001ca                PendSV_Handler
 .text.SysTick_Handler
                0x080001d8        0xe ../common/stm32f4xx_it.o
                0x080001d8                SysTick_Handler
 *fill*         0x080001e6        0x2 
 .text.SystemInit
                0x080001e8       0x6c ../common/system_stm32f4xx.o
                0x080001e8                SystemInit
 .text.SetSysClock
                0x08000254       0xf8 ../common/system_stm32f4xx.o
 .text.All_led5
                0x0800034c       0x3c main.o
                0x0800034c                All_led5
 .text.All_led6
                0x08000388       0x3c main.o
                0x08000388                All_led6
 .text.Button_inil
                0x080003c4       0x38 main.o
                0x080003c4                Button_inil
 .text.init_Timer
                0x080003fc       0x4c main.o
                0x080003fc                init_Timer
 .text.main     0x08000448      0x128 main.o
                0x08000448                main
 .text.Reset_Handler
                0x08000570       0x44 ../../stm_spl/startup_stm32f40_41xxx.o
                0x08000570                Reset_Handler
 .text.Default_Handler
                0x080005b4        0x2 ../../stm_spl/startup_stm32f40_41xxx.o
                0x080005b4                RTC_Alarm_IRQHandler
                0x080005b4                HASH_RNG_IRQHandler
                0x080005b4                EXTI2_IRQHandler
                0x080005b4                TIM8_CC_IRQHandler
                0x080005b4                TIM1_CC_IRQHandler
                0x080005b4                DMA2_Stream5_IRQHandler
                0x080005b4                DMA1_Stream5_IRQHandler
                0x080005b4                PVD_IRQHandler
                0x080005b4                SDIO_IRQHandler
                0x080005b4                TAMP_STAMP_IRQHandler
                0x080005b4                CAN2_RX1_IRQHandler
                0x080005b4                EXTI3_IRQHandler
                0x080005b4                TIM8_TRG_COM_TIM14_IRQHandler
                0x080005b4                TIM1_UP_TIM10_IRQHandler
                0x080005b4                TIM8_UP_TIM13_IRQHandler
                0x080005b4                I2C3_ER_IRQHandler
                0x080005b4                EXTI0_IRQHandler
                0x080005b4                I2C2_EV_IRQHandler
                0x080005b4                DMA1_Stream2_IRQHandler
                0x080005b4                CAN1_RX0_IRQHandler
                0x080005b4                FPU_IRQHandler
                0x080005b4                OTG_HS_WKUP_IRQHandler
                0x080005b4                CAN2_SCE_IRQHandler
                0x080005b4                DMA2_Stream2_IRQHandler
                0x080005b4                SPI1_IRQHandler
                0x080005b4                TIM6_DAC_IRQHandler
                0x080005b4                TIM1_BRK_TIM9_IRQHandler
                0x080005b4                DCMI_IRQHandler
                0x080005b4                CAN2_RX0_IRQHandler
                0x080005b4                DMA2_Stream3_IRQHandler
                0x080005b4                USART6_IRQHandler
                0x080005b4                USART3_IRQHandler
                0x080005b4                CRYP_IRQHandler
                0x080005b4                CAN1_RX1_IRQHandler
                0x080005b4                UART5_IRQHandler
                0x080005b4                DMA2_Stream0_IRQHandler
                0x080005b4                TIM4_IRQHandler
                0x080005b4                I2C1_EV_IRQHandler
                0x080005b4                DMA1_Stream6_IRQHandler
                0x080005b4                DMA1_Stream1_IRQHandler
                0x080005b4                UART4_IRQHandler
                0x080005b4                TIM3_IRQHandler
                0x080005b4                RCC_IRQHandler
                0x080005b4                TIM8_BRK_TIM12_IRQHandler
                0x080005b4                Default_Handler
                0x080005b4                EXTI15_10_IRQHandler
                0x080005b4                ADC_IRQHandler
                0x080005b4                DMA1_Stream7_IRQHandler
                0x080005b4                TIM7_IRQHandler
                0x080005b4                CAN2_TX_IRQHandler
                0x080005b4                TIM5_IRQHandler
                0x080005b4                DMA2_Stream7_IRQHandler
                0x080005b4                I2C3_EV_IRQHandler
                0x080005b4                EXTI9_5_IRQHandler
                0x080005b4                RTC_WKUP_IRQHandler
                0x080005b4                ETH_WKUP_IRQHandler
                0x080005b4                SPI2_IRQHandler
                0x080005b4                OTG_HS_EP1_IN_IRQHandler
                0x080005b4                DMA1_Stream0_IRQHandler
                0x080005b4                CAN1_TX_IRQHandler
                0x080005b4                EXTI4_IRQHandler
                0x080005b4                FSMC_IRQHandler
                0x080005b4                ETH_IRQHandler
                0x080005b4                OTG_HS_EP1_OUT_IRQHandler
                0x080005b4                WWDG_IRQHandler
                0x080005b4                TIM2_IRQHandler
                0x080005b4                OTG_FS_WKUP_IRQHandler
                0x080005b4                TIM1_TRG_COM_TIM11_IRQHandler
                0x080005b4                OTG_HS_IRQHandler
                0x080005b4                EXTI1_IRQHandler
                0x080005b4                USART2_IRQHandler
                0x080005b4                I2C2_ER_IRQHandler
                0x080005b4                DMA2_Stream1_IRQHandler
                0x080005b4                CAN1_SCE_IRQHandler
                0x080005b4                FLASH_IRQHandler
                0x080005b4                DMA2_Stream4_IRQHandler
                0x080005b4                USART1_IRQHandler
                0x080005b4                OTG_FS_IRQHandler
                0x080005b4                SPI3_IRQHandler
                0x080005b4                DMA1_Stream4_IRQHandler
                0x080005b4                I2C1_ER_IRQHandler
                0x080005b4                DMA2_Stream6_IRQHandler
                0x080005b4                DMA1_Stream3_IRQHandler
 *fill*         0x080005b6        0x2 
 .text.RCC_AHB1PeriphClockCmd
                0x080005b8       0x40 ../../lib/libstm_spl.a(stm32f4xx_rcc.o)
                0x080005b8                RCC_AHB1PeriphClockCmd
 .text.RCC_APB1PeriphClockCmd
                0x080005f8       0x40 ../../lib/libstm_spl.a(stm32f4xx_rcc.o)
                0x080005f8                RCC_APB1PeriphClockCmd
 .text.TIM_TimeBaseInit
                0x08000638       0xd8 ../../lib/libstm_spl.a(stm32f4xx_tim.o)
                0x08000638                TIM_TimeBaseInit
 .text.TIM_GetCounter
                0x08000710       0x18 ../../lib/libstm_spl.a(stm32f4xx_tim.o)
                0x08000710                TIM_GetCounter
 .text.TIM_Cmd  0x08000728       0x40 ../../lib/libstm_spl.a(stm32f4xx_tim.o)
                0x08000728                TIM_Cmd
 .text.TIM_ITConfig
                0x08000768       0x48 ../../lib/libstm_spl.a(stm32f4xx_tim.o)
                0x08000768                TIM_ITConfig
 .text.GPIO_Init
                0x080007b0      0x11c ../../lib/libstm_spl.a(stm32f4xx_gpio.o)
                0x080007b0                GPIO_Init
 .text.GPIO_ReadInputDataBit
                0x080008cc       0x34 ../../lib/libstm_spl.a(stm32f4xx_gpio.o)
                0x080008cc                GPIO_ReadInputDataBit
 .text.GPIO_SetBits
                0x08000900       0x1e ../../lib/libstm_spl.a(stm32f4xx_gpio.o)
                0x08000900                GPIO_SetBits
 .text.GPIO_ResetBits
                0x0800091e       0x1e ../../lib/libstm_spl.a(stm32f4xx_gpio.o)
                0x0800091e                GPIO_ResetBits
 *(.rodata)
 .rodata        0x0800093c       0x1c main.o
 *(.rodata*)
 *(.glue_7)
 .glue_7        0x08000958        0x0 linker stubs
 *(.glue_7t)
 .glue_7t       0x08000958        0x0 linker stubs
                0x08000958                . = ALIGN (0x4)
                0x08000958                _etext = .
                0x08000958                _sidata = _etext

.vfp11_veneer   0x08000958        0x0
 .vfp11_veneer  0x08000958        0x0 linker stubs

.v4_bx          0x08000958        0x0
 .v4_bx         0x08000958        0x0 linker stubs

.iplt           0x08000958        0x0
 .iplt          0x08000958        0x0 ../common/stm32f4xx_it.o

.rel.dyn        0x08000958        0x0
 .rel.iplt      0x08000958        0x0 ../common/stm32f4xx_it.o

.ROarraySection
 *(.ROarraySection)

.data           0x20000000        0x0 load address 0x08000958
                0x20000000                . = ALIGN (0x4)
                0x20000000                _sdata = .
 *(.data)
 *(.data.*)
                0x20000000                . = ALIGN (0x4)
                0x20000000                _edata = .

.igot.plt       0x20000000        0x0
 .igot.plt      0x20000000        0x0 ../common/stm32f4xx_it.o

.bss            0x20000000        0x0
                0x20000000                . = ALIGN (0x4)
                0x20000000                _sbss = .
 *(.bss)
 *(COMMON)
                0x20000000                . = ALIGN (0x4)
                0x20000000                _ebss = .
                [!provide]                PROVIDE (end, _ebss)
                [!provide]                PROVIDE (_end, _ebss)

._usrstack      0x20000000     0x4000
                0x20000000                . = ALIGN (0x4)
                0x20000000                _susrstack = .
                0x20004000                . = (. + _Minimum_Stack_Size)
 *fill*         0x20000000     0x4000 
                0x20004000                . = ALIGN (0x4)
                0x20004000                _eusrstack = .

.b1text
 *(.b1text)
 *(.b1rodata)
 *(.b1rodata*)

.eb0text
 *(.eb0text)
 *(.eb0rodata)
 *(.eb0rodata*)

.eb1text
 *(.eb1text)
 *(.eb1rodata)
 *(.eb1rodata*)

.eb2text
 *(.eb2text)
 *(.eb2rodata)
 *(.eb2rodata*)

.eb3text
 *(.eb3text)
 *(.eb3rodata)
 *(.eb3rodata*)

DISCARD
 libc.a(*)
 libm.a(*)
 libgcc.a(*)

.stab
 *(.stab)

.stabstr
 *(.stabstr)

.stab.excl
 *(.stab.excl)

.stab.exclstr
 *(.stab.exclstr)

.stab.index
 *(.stab.index)

.stab.indexstr
 *(.stab.indexstr)

.comment        0x00000000       0x3a
 *(.comment)
 .comment       0x00000000       0x1d ../common/stm32f4xx_it.o
                                 0x1e (size before relaxing)
 .comment       0x0000001d       0x1e ../common/system_stm32f4xx.o
 .comment       0x0000001d       0x1e main.o
 .comment       0x0000001d       0x1d ../../lib/libstm_spl.a(stm32f4xx_rcc.o)
                                 0x1e (size before relaxing)
 .comment       0x0000003a       0x1e ../../lib/libstm_spl.a(stm32f4xx_tim.o)
 .comment       0x0000003a       0x1e ../../lib/libstm_spl.a(stm32f4xx_gpio.o)

.ARM.attributes
                0x00000000       0x37
 .ARM.attributes
                0x00000000       0x39 ../common/stm32f4xx_it.o
 .ARM.attributes
                0x00000039       0x39 ../common/system_stm32f4xx.o
 .ARM.attributes
                0x00000072       0x39 main.o
 .ARM.attributes
                0x000000ab       0x21 ../../stm_spl/startup_stm32f40_41xxx.o
 .ARM.attributes
                0x000000cc       0x39 ../../lib/libstm_spl.a(stm32f4xx_rcc.o)
 .ARM.attributes
                0x00000105       0x39 ../../lib/libstm_spl.a(stm32f4xx_tim.o)
 .ARM.attributes
                0x0000013e       0x39 ../../lib/libstm_spl.a(stm32f4xx_gpio.o)

.debug
 *(.debug)

.line
 *(.line)

.debug_srcinfo
 *(.debug_srcinfo)

.debug_sfnames
 *(.debug_sfnames)

.debug_aranges  0x00000000      0x608
 *(.debug_aranges)
 .debug_aranges
                0x00000000       0x60 ../common/stm32f4xx_it.o
 .debug_aranges
                0x00000060       0x30 ../common/system_stm32f4xx.o
 .debug_aranges
                0x00000090       0x40 main.o
 .debug_aranges
                0x000000d0      0x1b8 ../../lib/libstm_spl.a(stm32f4xx_rcc.o)
 .debug_aranges
                0x00000288      0x2f8 ../../lib/libstm_spl.a(stm32f4xx_tim.o)
 .debug_aranges
                0x00000580       0x88 ../../lib/libstm_spl.a(stm32f4xx_gpio.o)

.debug_pubnames
 *(.debug_pubnames)

.debug_info     0x00000000     0x3e1d
 *(.debug_info .gnu.linkonce.wi.*)
 .debug_info    0x00000000      0x14d ../common/stm32f4xx_it.o
 .debug_info    0x0000014d      0x5f4 ../common/system_stm32f4xx.o
 .debug_info    0x00000741      0x619 main.o
 .debug_info    0x00000d5a      0xe27 ../../lib/libstm_spl.a(stm32f4xx_rcc.o)
 .debug_info    0x00001b81     0x1c74 ../../lib/libstm_spl.a(stm32f4xx_tim.o)
 .debug_info    0x000037f5      0x628 ../../lib/libstm_spl.a(stm32f4xx_gpio.o)

.debug_abbrev   0x00000000      0x86d
 *(.debug_abbrev)
 .debug_abbrev  0x00000000       0x78 ../common/stm32f4xx_it.o
 .debug_abbrev  0x00000078      0x15a ../common/system_stm32f4xx.o
 .debug_abbrev  0x000001d2      0x17a main.o
 .debug_abbrev  0x0000034c      0x1cf ../../lib/libstm_spl.a(stm32f4xx_rcc.o)
 .debug_abbrev  0x0000051b      0x19a ../../lib/libstm_spl.a(stm32f4xx_tim.o)
 .debug_abbrev  0x000006b5      0x1b8 ../../lib/libstm_spl.a(stm32f4xx_gpio.o)

.debug_line     0x00000000     0x175a
 *(.debug_line)
 .debug_line    0x00000000      0x19a ../common/stm32f4xx_it.o
 .debug_line    0x0000019a      0x190 ../common/system_stm32f4xx.o
 .debug_line    0x0000032a      0x1bd main.o
 .debug_line    0x000004e7      0x59e ../../lib/libstm_spl.a(stm32f4xx_rcc.o)
 .debug_line    0x00000a85      0xa13 ../../lib/libstm_spl.a(stm32f4xx_tim.o)
 .debug_line    0x00001498      0x2c2 ../../lib/libstm_spl.a(stm32f4xx_gpio.o)

.debug_frame    0x00000000     0x1af0
 *(.debug_frame)
 .debug_frame   0x00000000      0x110 ../common/stm32f4xx_it.o
 .debug_frame   0x00000110       0x7c ../common/system_stm32f4xx.o
 .debug_frame   0x0000018c       0xc0 main.o
 .debug_frame   0x0000024c      0x814 ../../lib/libstm_spl.a(stm32f4xx_rcc.o)
 .debug_frame   0x00000a60      0xe54 ../../lib/libstm_spl.a(stm32f4xx_tim.o)
 .debug_frame   0x000018b4      0x23c ../../lib/libstm_spl.a(stm32f4xx_gpio.o)

.debug_str      0x00000000     0x1a1b
 *(.debug_str)
 .debug_str     0x00000000      0x1cd ../common/stm32f4xx_it.o
                                0x212 (size before relaxing)
 .debug_str     0x000001cd      0x220 ../common/system_stm32f4xx.o
                                0x3b8 (size before relaxing)
 .debug_str     0x000003ed      0x339 main.o
                                0x4ec (size before relaxing)
 .debug_str     0x00000726      0x73e ../../lib/libstm_spl.a(stm32f4xx_rcc.o)
                                0x999 (size before relaxing)
 .debug_str     0x00000e64      0xa4d ../../lib/libstm_spl.a(stm32f4xx_tim.o)
                                0xdd4 (size before relaxing)
 .debug_str     0x000018b1      0x16a ../../lib/libstm_spl.a(stm32f4xx_gpio.o)
                                0x4a4 (size before relaxing)

.debug_loc
 *(.debug_loc)

.debug_macinfo
 *(.debug_macinfo)

.debug_weaknames
 *(.debug_weaknames)

.debug_funcnames
 *(.debug_funcnames)

.debug_typenames
 *(.debug_typenames)

.debug_varnames
 *(.debug_varnames)
OUTPUT(main.elf elf32-littlearm)

.debug_ranges   0x00000000      0x5a8
 .debug_ranges  0x00000000       0x50 ../common/stm32f4xx_it.o
 .debug_ranges  0x00000050       0x20 ../common/system_stm32f4xx.o
 .debug_ranges  0x00000070       0x30 main.o
 .debug_ranges  0x000000a0      0x1a8 ../../lib/libstm_spl.a(stm32f4xx_rcc.o)
 .debug_ranges  0x00000248      0x2e8 ../../lib/libstm_spl.a(stm32f4xx_tim.o)
 .debug_ranges  0x00000530       0x78 ../../lib/libstm_spl.a(stm32f4xx_gpio.o)
